// Jest Snapshot v1, https://goo.gl/fbAQLP

exports[`signIn() 1`] = `"Email not confirmed"`;

exports[`signIn() with the wrong password 1`] = `"Email not confirmed"`;

exports[`signUp() 1`] = `
Object {
  "app_metadata": Object {
    "provider": "email",
  },
  "aud": Any<String>,
  "confirmation_sent_at": Any<String>,
  "created_at": Any<String>,
  "email": Any<String>,
  "id": Any<String>,
  "role": "",
  "updated_at": Any<String>,
  "user_metadata": null,
}
`;

exports[`signUp() the same user twice should throw an error 1`] = `"Error sending confirmation mail"`;
